// Jest Snapshot v1, https://goo.gl/fbAQLP

exports[`<App /> matches snapshot 1`] = `
<div
  className="App"
>
  <CalculatorForm
    comparisonInfo={[Function]}
    completedForm={[Function]}
  />
  <h4>
    <div>
      <i
        className="fas fa-chevron-up"
      />
    </div>
    Fill out the form to get a nutrient comparison
  </h4>
</div>
`;
